make[1]: Entering directory '/scratch/tn312/ICESOC/verilog/dv/wb_test_icesoc_copy'
/scratch/tn312/xpack-riscv-none-elf-gcc-15.2.0-1/bin/riscv-none-elf-gcc -I ../riscv_firmware_src/ -I . -Os -Wall -Wpedantic -g -mabi=ilp32 -march=rv32i_zicsr -D__vexriscv__ -ffreestanding -nostdlib -Wl,-Bstatic,-T,../riscv_firmware_src/sections.lds -o 13_08_hello_world/wb_test_icesoc.elf ../riscv_firmware_src/crt0_vex.S ../riscv_firmware_src/isr.c ../riscv_firmware_src/send_packet.c ../riscv_firmware_src/gpio_config_io.c  13_08_hello_world/sources/wb_test_icesoc.c
In file included from ../riscv_firmware_src/irq_vex.h:11,
                 from ../riscv_firmware_src/isr.c:5:
../riscv_firmware_src/irq_vex.h: In function 'irq_getie':
../riscv_firmware_src/system.h:37:3: warning: ISO C forbids braced-groups within expressions [-Wpedantic]
   37 |   ({                                                                           \
      |   ^
../riscv_firmware_src/irq_vex.h:14:13: note: in expansion of macro 'csrr'
   14 |     return (csrr(mstatus) & CSR_MSTATUS_MIE) != 0;
      |             ^~~~
../riscv_firmware_src/irq_vex.h: In function 'irq_setie':
../riscv_firmware_src/system.h:53:3: warning: ISO C forbids braced-groups within expressions [-Wpedantic]
   53 |   ({                                                                           \
      |   ^
../riscv_firmware_src/irq_vex.h:19:9: note: in expansion of macro 'csrs'
   19 |         csrs(mstatus, CSR_MSTATUS_MIE);
      |         ^~~~
../riscv_firmware_src/system.h:61:3: warning: ISO C forbids braced-groups within expressions [-Wpedantic]
   61 |   ({                                                                           \
      |   ^
../riscv_firmware_src/irq_vex.h:21:9: note: in expansion of macro 'csrc'
   21 |         csrc(mstatus, CSR_MSTATUS_MIE);
      |         ^~~~
/scratch/tn312/xpack-riscv-none-elf-gcc-15.2.0-1/bin/riscv-none-elf-objcopy -O verilog 13_08_hello_world/wb_test_icesoc.elf 13_08_hello_world/wb_test_icesoc.hex
# to fix flash base address
sed -i 's/@1000/@0000/g' 13_08_hello_world/wb_test_icesoc.hex
iverilog -DFUNCTIONAL -DSIM -DEMULATION -I /scratch/tn312/sky130A \
-I ../../../caravel/verilog/dv/caravel -I ../../../caravel/verilog/rtl -I ../ \
-I ../../../verilog/rtl \
-I ../../../verilog/rtl/icesoc \
-I ../../../verilog/rtl/ibex_core \
-I ../../../verilog/rtl/eFPGA -I ../../../verilog/rtl/eFPGA/Tile -I ../../../verilog/rtl/eFPGA/Tile/W_CPU_IO_bot -I ../../../verilog/rtl/eFPGA/Tile/N_term_RAM_IO -I ../../../verilog/rtl/eFPGA/Tile/DSP -I ../../../verilog/rtl/eFPGA/Tile/DSP/DSP_bot -I ../../../verilog/rtl/eFPGA/Tile/DSP/DSP_top -I ../../../verilog/rtl/eFPGA/Tile/E_CPU_IO -I ../../../verilog/rtl/eFPGA/Tile/S_term_single -I ../../../verilog/rtl/eFPGA/Tile/RAM_IO -I ../../../verilog/rtl/eFPGA/Tile/S_term_RAM_IO -I ../../../verilog/rtl/eFPGA/Tile/S_term_single2 -I ../../../verilog/rtl/eFPGA/Tile/RegFile -I ../../../verilog/rtl/eFPGA/Tile/N_term_single2 -I ../../../verilog/rtl/eFPGA/Tile/W_CPU_IO -I ../../../verilog/rtl/eFPGA/Tile/LUT4AB -I ../../../verilog/rtl/eFPGA/Tile/W_IO -I ../../../verilog/rtl/eFPGA/Tile/S_term_DSP -I ../../../verilog/rtl/eFPGA/Tile/E_CPU_IO_bot -I ../../../verilog/rtl/eFPGA/Tile/N_term_single -I ../../../verilog/rtl/eFPGA/Tile/N_term_DSP -I ../../../verilog/rtl/eFPGA/Fabric -I ../../../verilog/rtl/eFPGA/Tile -I ../../../verilog/rtl/eFPGA/Tile/W_CPU_IO_bot -I ../../../verilog/rtl/eFPGA/Tile/N_term_RAM_IO -I ../../../verilog/rtl/eFPGA/Tile/DSP -I ../../../verilog/rtl/eFPGA/Tile/DSP/DSP_bot -I ../../../verilog/rtl/eFPGA/Tile/DSP/DSP_top -I ../../../verilog/rtl/eFPGA/Tile/E_CPU_IO -I ../../../verilog/rtl/eFPGA/Tile/S_term_single -I ../../../verilog/rtl/eFPGA/Tile/RAM_IO -I ../../../verilog/rtl/eFPGA/Tile/S_term_RAM_IO -I ../../../verilog/rtl/eFPGA/Tile/S_term_single2 -I ../../../verilog/rtl/eFPGA/Tile/RegFile -I ../../../verilog/rtl/eFPGA/Tile/N_term_single2 -I ../../../verilog/rtl/eFPGA/Tile/W_CPU_IO -I ../../../verilog/rtl/eFPGA/Tile/LUT4AB -I ../../../verilog/rtl/eFPGA/Tile/W_IO -I ../../../verilog/rtl/eFPGA/Tile/S_term_DSP -I ../../../verilog/rtl/eFPGA/Tile/E_CPU_IO_bot -I ../../../verilog/rtl/eFPGA/Tile/N_term_single -I ../../../verilog/rtl/eFPGA/Tile/N_term_DSP -I ../../../verilog/rtl/eFPGA/Tile/W_CPU_IO_bot -I ../../../verilog/rtl/eFPGA/Tile/N_term_RAM_IO -I ../../../verilog/rtl/eFPGA/Tile/DSP -I ../../../verilog/rtl/eFPGA/Tile/DSP/DSP_bot -I ../../../verilog/rtl/eFPGA/Tile/DSP/DSP_top -I ../../../verilog/rtl/eFPGA/Tile/DSP/DSP_bot -I ../../../verilog/rtl/eFPGA/Tile/DSP/DSP_top -I ../../../verilog/rtl/eFPGA/Tile/E_CPU_IO -I ../../../verilog/rtl/eFPGA/Tile/S_term_single -I ../../../verilog/rtl/eFPGA/Tile/RAM_IO -I ../../../verilog/rtl/eFPGA/Tile/S_term_RAM_IO -I ../../../verilog/rtl/eFPGA/Tile/S_term_single2 -I ../../../verilog/rtl/eFPGA/Tile/RegFile -I ../../../verilog/rtl/eFPGA/Tile/N_term_single2 -I ../../../verilog/rtl/eFPGA/Tile/W_CPU_IO -I ../../../verilog/rtl/eFPGA/Tile/LUT4AB -I ../../../verilog/rtl/eFPGA/Tile/W_IO -I ../../../verilog/rtl/eFPGA/Tile/S_term_DSP -I ../../../verilog/rtl/eFPGA/Tile/E_CPU_IO_bot -I ../../../verilog/rtl/eFPGA/Tile/N_term_single -I ../../../verilog/rtl/eFPGA/Tile/N_term_DSP -I ../../../verilog/rtl/eFPGA/Fabric \
bitstreams/top_crc_clocked.vh \
-y ../../../verilog/rtl/eFPGA -y ../../../verilog/rtl/eFPGA/Tile -y ../../../verilog/rtl/eFPGA/Tile/W_CPU_IO_bot -y ../../../verilog/rtl/eFPGA/Tile/N_term_RAM_IO -y ../../../verilog/rtl/eFPGA/Tile/DSP -y ../../../verilog/rtl/eFPGA/Tile/DSP/DSP_bot -y ../../../verilog/rtl/eFPGA/Tile/DSP/DSP_top -y ../../../verilog/rtl/eFPGA/Tile/E_CPU_IO -y ../../../verilog/rtl/eFPGA/Tile/S_term_single -y ../../../verilog/rtl/eFPGA/Tile/RAM_IO -y ../../../verilog/rtl/eFPGA/Tile/S_term_RAM_IO -y ../../../verilog/rtl/eFPGA/Tile/S_term_single2 -y ../../../verilog/rtl/eFPGA/Tile/RegFile -y ../../../verilog/rtl/eFPGA/Tile/N_term_single2 -y ../../../verilog/rtl/eFPGA/Tile/W_CPU_IO -y ../../../verilog/rtl/eFPGA/Tile/LUT4AB -y ../../../verilog/rtl/eFPGA/Tile/W_IO -y ../../../verilog/rtl/eFPGA/Tile/S_term_DSP -y ../../../verilog/rtl/eFPGA/Tile/E_CPU_IO_bot -y ../../../verilog/rtl/eFPGA/Tile/N_term_single -y ../../../verilog/rtl/eFPGA/Tile/N_term_DSP -y ../../../verilog/rtl/eFPGA/Fabric -y ../../../verilog/rtl/eFPGA/Tile -y ../../../verilog/rtl/eFPGA/Tile/W_CPU_IO_bot -y ../../../verilog/rtl/eFPGA/Tile/N_term_RAM_IO -y ../../../verilog/rtl/eFPGA/Tile/DSP -y ../../../verilog/rtl/eFPGA/Tile/DSP/DSP_bot -y ../../../verilog/rtl/eFPGA/Tile/DSP/DSP_top -y ../../../verilog/rtl/eFPGA/Tile/E_CPU_IO -y ../../../verilog/rtl/eFPGA/Tile/S_term_single -y ../../../verilog/rtl/eFPGA/Tile/RAM_IO -y ../../../verilog/rtl/eFPGA/Tile/S_term_RAM_IO -y ../../../verilog/rtl/eFPGA/Tile/S_term_single2 -y ../../../verilog/rtl/eFPGA/Tile/RegFile -y ../../../verilog/rtl/eFPGA/Tile/N_term_single2 -y ../../../verilog/rtl/eFPGA/Tile/W_CPU_IO -y ../../../verilog/rtl/eFPGA/Tile/LUT4AB -y ../../../verilog/rtl/eFPGA/Tile/W_IO -y ../../../verilog/rtl/eFPGA/Tile/S_term_DSP -y ../../../verilog/rtl/eFPGA/Tile/E_CPU_IO_bot -y ../../../verilog/rtl/eFPGA/Tile/N_term_single -y ../../../verilog/rtl/eFPGA/Tile/N_term_DSP -y ../../../verilog/rtl/eFPGA/Tile/W_CPU_IO_bot -y ../../../verilog/rtl/eFPGA/Tile/N_term_RAM_IO -y ../../../verilog/rtl/eFPGA/Tile/DSP -y ../../../verilog/rtl/eFPGA/Tile/DSP/DSP_bot -y ../../../verilog/rtl/eFPGA/Tile/DSP/DSP_top -y ../../../verilog/rtl/eFPGA/Tile/DSP/DSP_bot -y ../../../verilog/rtl/eFPGA/Tile/DSP/DSP_top -y ../../../verilog/rtl/eFPGA/Tile/E_CPU_IO -y ../../../verilog/rtl/eFPGA/Tile/S_term_single -y ../../../verilog/rtl/eFPGA/Tile/RAM_IO -y ../../../verilog/rtl/eFPGA/Tile/S_term_RAM_IO -y ../../../verilog/rtl/eFPGA/Tile/S_term_single2 -y ../../../verilog/rtl/eFPGA/Tile/RegFile -y ../../../verilog/rtl/eFPGA/Tile/N_term_single2 -y ../../../verilog/rtl/eFPGA/Tile/W_CPU_IO -y ../../../verilog/rtl/eFPGA/Tile/LUT4AB -y ../../../verilog/rtl/eFPGA/Tile/W_IO -y ../../../verilog/rtl/eFPGA/Tile/S_term_DSP -y ../../../verilog/rtl/eFPGA/Tile/E_CPU_IO_bot -y ../../../verilog/rtl/eFPGA/Tile/N_term_single -y ../../../verilog/rtl/eFPGA/Tile/N_term_DSP -y ../../../verilog/rtl/eFPGA/Fabric \
../../../verilog/rtl/eFPGA ../../../verilog/rtl/eFPGA/Tile ../../../verilog/rtl/eFPGA/Tile/W_CPU_IO_bot ../../../verilog/rtl/eFPGA/Tile/N_term_RAM_IO ../../../verilog/rtl/eFPGA/Tile/DSP ../../../verilog/rtl/eFPGA/Tile/DSP/DSP_bot ../../../verilog/rtl/eFPGA/Tile/DSP/DSP_top ../../../verilog/rtl/eFPGA/Tile/E_CPU_IO ../../../verilog/rtl/eFPGA/Tile/S_term_single ../../../verilog/rtl/eFPGA/Tile/RAM_IO ../../../verilog/rtl/eFPGA/Tile/S_term_RAM_IO ../../../verilog/rtl/eFPGA/Tile/S_term_single2 ../../../verilog/rtl/eFPGA/Tile/RegFile ../../../verilog/rtl/eFPGA/Tile/N_term_single2 ../../../verilog/rtl/eFPGA/Tile/W_CPU_IO ../../../verilog/rtl/eFPGA/Tile/LUT4AB ../../../verilog/rtl/eFPGA/Tile/W_IO ../../../verilog/rtl/eFPGA/Tile/S_term_DSP ../../../verilog/rtl/eFPGA/Tile/E_CPU_IO_bot ../../../verilog/rtl/eFPGA/Tile/N_term_single ../../../verilog/rtl/eFPGA/Tile/N_term_DSP ../../../verilog/rtl/eFPGA/Fabric/eFPGA.v \
../../../verilog/rtl/eFPGA/Fabric/models_pack.v \
../../../verilog/rtl/eFPGA/Tile/DSP/DSP_bot/DSP_bot_tile.v \
../../../verilog/rtl/eFPGA/Tile/DSP/DSP_top/DSP_top_tile.v \
../../../verilog/rtl/eFPGA/Frame_Select_Pack.v \
../../../verilog/rtl/eFPGA/Frame_Data_Reg_Pack.v \
../../../verilog/rtl/eFPGA/ConfigFSM.v \
../../../verilog/rtl/eFPGA/Config.v \
../../../verilog/rtl/eFPGA/config_UART.v \
../../../verilog/rtl/eFPGA/bitbang.v \
13_08_hello_world/sources/wb_test_icesoc_tb.v -o 13_08_hello_world/wb_test_icesoc.vvp -g2012
/scratch/tn312/sky130A/libs.ref/sky130_fd_io/verilog/sky130_fd_io.v:12721: warning: choosing typ expression.
/scratch/tn312/sky130A/libs.ref/sky130_fd_io/verilog/sky130_fd_io.v:12721: warning: choosing typ expression.
/scratch/tn312/sky130A/libs.ref/sky130_fd_io/verilog/sky130_fd_io.v:12722: warning: choosing typ expression.
/scratch/tn312/sky130A/libs.ref/sky130_fd_io/verilog/sky130_fd_io.v:12722: warning: choosing typ expression.
/scratch/tn312/sky130A/libs.ref/sky130_fd_io/verilog/sky130_fd_io.v:12723: warning: choosing typ expression.
/scratch/tn312/sky130A/libs.ref/sky130_fd_io/verilog/sky130_fd_io.v:12723: warning: choosing typ expression.
/scratch/tn312/sky130A/libs.ref/sky130_fd_io/verilog/sky130_fd_io.v:12724: warning: choosing typ expression.
/scratch/tn312/sky130A/libs.ref/sky130_fd_io/verilog/sky130_fd_io.v:12724: warning: choosing typ expression.
/scratch/tn312/sky130A/libs.ref/sky130_fd_io/verilog/sky130_fd_io.v:12725: warning: choosing typ expression.
/scratch/tn312/sky130A/libs.ref/sky130_fd_io/verilog/sky130_fd_io.v:12725: warning: choosing typ expression.
../../../caravel/verilog/rtl/caravel.v:236: warning: input port clock is coerced to inout.
../../../verilog/rtl/ibex_core/ibex_cs_registers.v:902: warning: @* found no sensitivities so it will never trigger.
../../../verilog/rtl/icesoc/icesoc_top.v:111: warning: Port 10 (instr_addr_o) of ibex_top expects 32 bits, got 11.
../../../verilog/rtl/icesoc/icesoc_top.v:111:        : Padding 21 high bits of the port.
../../../verilog/rtl/icesoc/icesoc_top.v:111: warning: Port 19 (data_addr_o) of ibex_top expects 32 bits, got 12.
../../../verilog/rtl/icesoc/icesoc_top.v:111:        : Padding 20 high bits of the port.
../../../verilog/rtl/icesoc/icesoc_top.v:172: warning: Port 10 (instr_addr_o) of flexbex_ibex_core expects 32 bits, got 11.
../../../verilog/rtl/icesoc/icesoc_top.v:172:        : Padding 21 high bits of the port.
../../../verilog/rtl/icesoc/icesoc_top.v:172: warning: Port 17 (data_addr_o) of flexbex_ibex_core expects 32 bits, got 12.
../../../verilog/rtl/icesoc/icesoc_top.v:172:        : Padding 20 high bits of the port.
../../../verilog/rtl/eFPGA_CPU_top.v:112: warning: Port 8 (irq_id_1_o) of icesoc_top expects 5 bits, got 2.
../../../verilog/rtl/eFPGA_CPU_top.v:112:        : Padding 3 high bits of the port.
../../../verilog/rtl/eFPGA_CPU_top.v:112: warning: Port 18 (eFPGA_delay_1_o) of icesoc_top expects 4 bits, got 2.
../../../verilog/rtl/eFPGA_CPU_top.v:112:        : Padding 2 high bits of the port.
../../../verilog/rtl/eFPGA_CPU_top.v:112: warning: Port 24 (irq_id_2_o) of icesoc_top expects 5 bits, got 2.
../../../verilog/rtl/eFPGA_CPU_top.v:112:        : Padding 3 high bits of the port.
../../../verilog/rtl/eFPGA_CPU_top.v:112: warning: Port 34 (eFPGA_delay_2_o) of icesoc_top expects 4 bits, got 2.
../../../verilog/rtl/eFPGA_CPU_top.v:112:        : Padding 2 high bits of the port.
13_08_hello_world/sources/wb_test_icesoc_tb.v:224: warning: input port clock is coerced to inout.
date
Thu Aug 13 03:29:42 PM CEST 2026
cd 13_08_hello_world && time vvp wb_test_icesoc.vvp -fst
Memory 5 bytes = 0xxx 0xxx 0xxx 0xxx 0xxx
Reading wb_test_icesoc.hex
wb_test_icesoc.hex loaded into memory
Memory 5 bytes = 0x03 0x26 0x41 0x02 0x83

 ===ERROR=== sky130_fd_io__top_vrefcapv2 :  cpos terminal is unconnected sky130_fd_io__top_vrefcapv2
       100

 ===ERROR=== sky130_fd_io__top_vrefcapv2 :  cneg terminal is unconnected sky130_fd_io__top_vrefcapv2
       100
MPRJ-IO state = 00000110 
Monitor: MPRJ-Logic WB Started [T=   697.575 us]
Monitor: Program ibex [T=   738.425 us]
+100 000 cycles 0 [T=  4999.975 us]
bitstream page ready: 0xffffffff
Monitor: Start ibex (instruction pages A and B are ready) [T=  6871.225 us]
MPRJ-IO state = 00100110 
+100 000 cycles 1 [T=  9999.975 us]
bitstream page ready: 0x0
+100 000 cycles 2 [T= 14999.975 us]
bitstream page ready: 0x0
Monitor: ibex Passed [T= 16298.325 us]
-------------------------------------------------
CRC result unaccelerated (only on ibex core): 0x1b851995
CRC result accelerated (using CI on fabric):  0x1b851995
# clk cycles unaccelerated: 0x00000359
# clk cycles accelerated:   0x0000002d
-------------------------------------------------
Monitor: Setting rst and en for fabric [T= 16298.325 us]
Monitor: Counter rst deasserted [T= 16298.575 us]
Monitor: Counter at 156 [T= 16805.575 us]
13_08_hello_world/sources/wb_test_icesoc_tb.v:150: $finish called at 16805575000 (1ps)
22988.89user 35.63system 6:24:01elapsed 99%CPU (0avgtext+0avgdata 1970352maxresident)k
0inputs+0outputs (0major+469740minor)pagefaults 0swaps
rm 13_08_hello_world/wb_test_icesoc.vvp 13_08_hello_world/wb_test_icesoc.elf
make[1]: Leaving directory '/scratch/tn312/ICESOC/verilog/dv/wb_test_icesoc_copy'
